=== password-manager build:zip failed (exit 1) ===

--- stdout ---
Already up to date
Done in 32ms using pnpm v12.3.4
Already up to date
Done in 65ms using pnpm v12.3.4
[36mvite v8.2.1 [32mbuilding client environment for production...[36m[39m
[2Ktransforming...✓ 2466 modules transformed.
rendering chunks...
computing gzip size...
../dist/index.html             0.73 kB │ gzip:   0.43 kB
../dist/assets/CwB_JdGG.css   39.80 kB │ gzip:   7.25 kB
../dist/assets/0c_sA7T3.js   667.20 kB │ gzip: 229.51 kB

[32m✓ built in 26.15s[39m
📦 密码管理器插件打包工具

📋 读取 manifest.json...
   ✅ 版本一致: v2.1.0


--- stderr ---
✓ Lockfile passes supply-chain policies (verified 11m ago)
Lockfile is up to date, resolution step is skipped
Packages: -173
--------------------------------------------------------------------------------
Done in 24.6s using pnpm v12.3.4
$ pnpm i --ignore-workspace && pnpm build:frontend && pnpm build:sidecar && node scripts/build-zip.mjs
$ cd frontend && pnpm i --ignore-workspace && pnpm build
$ vue-tsc && vite build
[33m[33m[INEFFECTIVE_DYNAMIC_IMPORT] [0msrc/composables/useVault.ts is dynamically imported by src/components/QuickRetrieve.vue?vue&type=script&setup=true&lang.ts but also statically imported by src/App.vue?vue&type=script&setup=true&lang.ts, src/components/DetailPanel.vue?vue&type=script&setup=true&lang.ts, src/components/EntryDrawer.vue?vue&type=script&setup=true&lang.ts, src/components/GeneratorPanel.vue?vue&type=script&setup=true&lang.ts, src/components/HealthDashboard.vue?vue&type=script&setup=true&lang.ts, ..., dynamic import will not move module into another chunk.
[39m
[33m[plugin builtin:vite-reporter] 
(!) Some chunks are larger than 500 kB after minification. Consider:
- Using dynamic import() to code-split the application
- Use build.rolldownOptions.output.codeSplitting to improve chunking: https://rolldown.rs/reference/OutputOptions.codeSplitting
- Adjust chunk size limit for this warning via build.chunkSizeWarningLimit.[39m
[33m[33m[PLUGIN_TIMINGS] [0mYour build spent 13% of 26.1s inside plugin hooks (3.4s).
Not measurable — 1 hook whose calls overlap, so elapsed time covers work other calls were doing. Profile with `node --cpu-prof`:
  - vite:css transform (16 calls)
See https://rolldown.rs/reference/InputOptions.checks#plugintimings for more details.
[39m
$ cargo build --release --manifest-path src/Cargo.toml
   Compiling serde_core v1.0.229
   Compiling windows v0.62.2
   Compiling rusqlite v0.32.1
   Compiling sha1 v0.10.7
   Compiling serde_json v1.0.151
   Compiling serde v1.0.229
   Compiling password-manager-sidecar v2.0.0 (C:\Code\my-desktop-tools\mydt-plugins\password-manager\src)
    Finished `release` profile [optimized] target(s) in 2m 05s
   ❌ 前端版本常量不一致: version.ts=2.0.0, package.json=2.1.0
   → 请同步 frontend/src/version.ts 后重新打包
[ELIFECYCLE] Command failed with exit code 1.

