=== json-format build:zip failed (exit 1) ===

--- stdout ---
Scope: all 2 workspace projects
✓ Lockfile passes supply-chain policies (verified 15h ago)
../..                                    | Progress: resolved 0, reused 1, downloaded 0, added 0
../..                                    | Progress: resolved 0, reused 17, downloaded 0, added 0
../..                                    | Progress: resolved 0, reused 92, downloaded 0, added 0
../..                                    | Progress: resolved 0, reused 115, downloaded 0, added 0
../..                                    | Progress: resolved 0, reused 145, downloaded 0, added 0
../..                                    | Progress: resolved 0, reused 156, downloaded 0, added 0
../..                                    | Progress: resolved 0, reused 160, downloaded 0, added 0
../..                                    | Progress: resolved 0, reused 188, downloaded 0, added 0
../..                                    | Progress: resolved 0, reused 193, downloaded 0, added 0
../..                                    | Progress: resolved 0, reused 195, downloaded 0, added 0
../..                                    | Progress: resolved 0, reused 217, downloaded 0, added 0
../..                                    | Progress: resolved 0, reused 218, downloaded 0, added 0, done
Done in 47.2s using pnpm v12.3.4
📦 JSON 格式化 插件打包工具

📋 读取 manifest.json...
   ✅ 版本一致: v1.3.1
   插件 ID: json-format
   插件名称: JSON 格式化
   Sidecar 可执行文件: json-format-sidecar

🧹 清理旧构建产物...
   ✓ 清理完成

🔨 构建前端...


--- stderr ---
$ pnpm i --ignore-workspace && node scripts/build-zip.mjs
$ vue-tsc && vite build
node:internal/modules/cjs/loader:1520
  throw err;
  ^

Error: Cannot find module 'C:\Code\my-desktop-tools\mydt-plugins\json-format\frontend\node_modules\vue-tsc\bin\vue-tsc.js'
    at Module._resolveFilename (node:internal/modules/cjs/loader:1517:15)
    at wrapResolveFilename (node:internal/modules/cjs/loader:1071:27)
    at defaultResolveImplForCJSLoading (node:internal/modules/cjs/loader:1095:10)
    at resolveForCJSWithHooks (node:internal/modules/cjs/loader:1122:12)
    at Module._load (node:internal/modules/cjs/loader:1294:5)
    at wrapModuleLoad (node:internal/modules/cjs/loader:255:19)
    at Module.executeUserEntryPoint [as runMain] (node:internal/modules/run_main:154:5)
    at node:internal/main/run_main_module:33:47 {
  code: 'MODULE_NOT_FOUND',
  requireStack: []
}

Node.js v24.18.0
[ELIFECYCLE] Command failed with exit code 1.
❌ 前端构建失败
[ELIFECYCLE] Command failed with exit code 1.

