=== pomodoro build:zip failed (exit 1) ===

--- stdout ---
Scope: all 2 workspace projects
✓ Lockfile passes supply-chain policies (verified 16m ago)
../..                                    | Progress: resolved 0, reused 36, downloaded 0, added 0
../..                                    | Progress: resolved 0, reused 52, downloaded 0, added 0
../..                                    | Progress: resolved 0, reused 64, downloaded 0, added 0
../..                                    | Progress: resolved 0, reused 78, downloaded 0, added 0
../..                                    | Progress: resolved 0, reused 93, downloaded 0, added 0
../..                                    | Progress: resolved 0, reused 129, downloaded 0, added 0
../..                                    | Progress: resolved 0, reused 138, downloaded 0, added 0
../..                                    | Progress: resolved 0, reused 145, downloaded 0, added 0
../..                                    | Progress: resolved 0, reused 183, downloaded 0, added 0
../..                                    | Progress: resolved 0, reused 191, downloaded 0, added 0
../..                                    | Progress: resolved 0, reused 192, downloaded 0, added 0
../..                                    | Progress: resolved 0, reused 194, downloaded 0, added 0
../..                                    | Progress: resolved 0, reused 195, downloaded 0, added 0
../..                                    | Progress: resolved 0, reused 228, downloaded 0, added 0
../..                                    | Progress: resolved 0, reused 270, downloaded 0, added 0
../..                                    | Progress: resolved 0, reused 275, downloaded 0, added 0
../..                                    | Progress: resolved 0, reused 278, downloaded 0, added 0
../..                                    | Progress: resolved 0, reused 279, downloaded 0, added 0
../..                                    | Progress: resolved 0, reused 279, downloaded 0, added 0, done
Done in 30.8s using pnpm v12.3.4
✓ Lockfile passes supply-chain policies (verified 10d ago)
Done in 680ms using pnpm v12.3.4


--- stderr ---
$ pnpm i --ignore-workspace && pnpm build:frontend && pnpm build:sidecar && node scripts/build-zip.mjs
$ cd frontend && pnpm i --ignore-workspace && pnpm build
$ vue-tsc && vite build
node:internal/modules/cjs/loader:1520
  throw err;
  ^

Error: Cannot find module 'C:\Code\my-desktop-tools\mydt-plugins\pomodoro\frontend\node_modules\vue-tsc\bin\vue-tsc.js'
    at Module._resolveFilename (node:internal/modules/cjs/loader:1517:15)
    at wrapResolveFilename (node:internal/modules/cjs/loader:1071:27)
    at defaultResolveImplForCJSLoading (node:internal/modules/cjs/loader:1095:10)
    at resolveForCJSWithHooks (node:internal/modules/cjs/loader:1122:12)
    at Module._load (node:internal/modules/cjs/loader:1294:5)
    at wrapModuleLoad (node:internal/modules/cjs/loader:255:19)
    at Module.executeUserEntryPoint [as runMain] (node:internal/modules/run_main:154:5)
    at node:internal/main/run_main_module:33:47 {
  code: 'MODULE_NOT_FOUND',
  requireStack: []
}

Node.js v24.18.0
[ELIFECYCLE] Command failed with exit code 1.
[ELIFECYCLE] Command failed with exit code 1.
[ELIFECYCLE] Command failed with exit code 1.

